=== PHASE 1: read legacy Inventory tab and group restocks by date ===
Legacy doc: "new inventory"
Legacy headers: ["Inventory ID","Item ID","DateTime","Amount","R#","Price","Cost","Delivery Photo"]
Legacy Inventory rows: 1868
Restock-classified rows: 107
Distinct restock dates: 20

=== PHASE 2: load master sheet (Tickets + Inventory_Products) ===
Master doc: "sheets access"
Tickets headers: ["ticketId","ticketType","status","referenceNumber","createdAt","completedAt","createdBy","createdByName","assignedTo","assignedToName","jobId","jobName","jobAddress","city","state","customerName","customerPhone","customerEmail","materialsJson","totalCost","totalPrice","notes","sourceTransactionId","orderSource","supplierName"]
Inventory_Products with legacyId: 11
Existing Tickets rows: 311

=== PHASE 3: void the recon summary ticket ===
Voided TKT-HISTORICAL-RESTOCK-RECON-20260516: status "completed" -> "voided"
  notes appended.

=== PHASE 4: create dated restock tickets ===
Detected columns: {"type":"ticketType","customer":"customerName","address":"jobAddress","materials":"materialsJson","createdBy":"createdBy","createdByName":"createdByName","notes":"notes","status":"status","createdAt":"createdAt","completedAt":"completedAt","ticketId":"ticketId"}
CREATED: RESTOCK-20250218-001 (16 line items, 1164 units)
CREATED: RESTOCK-20250224-001 (3 line items, 3 units)
CREATED: RESTOCK-20250410-001 (1 line items, 30 units)
CREATED: RESTOCK-20250508-001 (6 line items, 535 units)
CREATED: RESTOCK-20250513-001 (3 line items, 364 units)
CREATED: RESTOCK-20250527-001 (4 line items, 584 units)
CREATED: RESTOCK-20250529-001 (1 line items, 96 units)
CREATED: RESTOCK-20250626-001 (8 line items, 691 units)
CREATED: RESTOCK-20250716-001 (3 line items, 6 units)
CREATED: RESTOCK-20250717-001 (10 line items, 511 units)
CREATED: RESTOCK-20250807-001 (6 line items, 417 units)
CREATED: RESTOCK-20250821-001 (7 line items, 673 units)
CREATED: RESTOCK-20250910-001 (8 line items, 696 units)
CREATED: RESTOCK-20251013-001 (7 line items, 632 units)
CREATED: RESTOCK-20251202-001 (9 line items, 442 units)
CREATED: RESTOCK-20251217-001 (1 line items, 16 units)
CREATED: RESTOCK-20260203-001 (1 line items, 15 units)
CREATED: RESTOCK-20260204-001 (3 line items, 546 units)
CREATED: RESTOCK-20260219-001 (2 line items, 9 units)
CREATED: RESTOCK-20260304-001 (8 line items, 454 units)

=== PHASE 5: summary ===
- 20 restock tickets created (date range 2025-02-18 to 2026-03-04)
- 0 tickets skipped as duplicates (already exist by ticketId)
- 1 voided: TKT-HISTORICAL-RESTOCK-RECON-20260516 (VOIDED: TKT-HISTORICAL-RESTOCK-RECON-20260516)
- 21 rows touched in master Tickets total

=== PHASE 6: re-run inferred currentQty math ===

Per-SKU inferred currentQty (OWNER VERIFY AGAINST PHYSICAL STOCK):
------------------------------------------------------------------------------------------------------------------------
sku        | name                           |  inferred | master(stale) | note
------------------------------------------------------------------------------------------------------------------------
item-123   | 1 1/4 EG Nails                 |       618 |             0 | OWNER VERIFY
item-124   | Bottom Caps (plastic)          |       443 |            47 | OWNER VERIFY
item-125   | RCRS Syn Felt                  |       972 |             0 | OWNER VERIFY
item-126   | Ice & Water Shield             |       600 |             0 | OWNER VERIFY
item-127   | Ridge Vent 4LF                 |      3045 |             0 | OWNER VERIFY
item-128   | 1 1/2” Black Bullet Boot       |       286 |            17 | OWNER VERIFY
item-129   | 2” Black Bullet Boot           |       302 |            39 | OWNER VERIFY
item-130   | 3” Black Bullet Boot           |       189 |            33 | OWNER VERIFY
item-131   | 4” Black Bullet Boot           |        21 |            13 | OWNER VERIFY
item-132   | Sealant                        |       704 |             0 | OWNER VERIFY
item-133   | Zipper Boot                    |        59 |             4 | OWNER VERIFY
------------------------------------------------------------------------------------------------------------------------

Wrote verification deliverable: C:\Users\Michael\river-city-roofing\scripts\inferred-currentqty-for-owner-verification-2026-05-21.json

=== PHASE 7: spot-check 2 random new restock rows ===
SPOT-CHECK RESTOCK-20260219-001:
  type=restock  status=completed
  createdAt=2026-02-19T12:00:00.000Z  completedAt=2026-02-19T12:00:00.000Z
  createdBy=legacy-restock-backfill-2026-05-21
  materialsJson: 2 items, 9 total units
  first item: {"productId":"item-127","productName":"Ridge Vent 4LF","qty":8,"source":"legacy-inventory-log"}
  notes: Restock backfill from legacy inventory log 2026-05-21. Source: LEGACY_INVENTORY_SHEETS_ID 'new inventory' Inventory tab, restock transactions on 2026-02-19. 2 l
SPOT-CHECK RESTOCK-20250716-001:
  type=restock  status=completed
  createdAt=2025-07-16T12:00:00.000Z  completedAt=2025-07-16T12:00:00.000Z
  createdBy=legacy-restock-backfill-2026-05-21
  materialsJson: 3 items, 6 total units
  first item: {"productId":"item-130","productName":"3” Black Bullet Boot","qty":1,"source":"legacy-inventory-log"}
  notes: Restock backfill from legacy inventory log 2026-05-21. Source: LEGACY_INVENTORY_SHEETS_ID 'new inventory' Inventory tab, restock transactions on 2025-07-16. 3 l

VOIDED RECON CONFIRMATION (re-read):
  status=voided
  notes tail: — pre-historical-stock should now be reflected in currentQty (minus the 17 recent email-webhook deductions).; VOIDED 2026-05-21 — replaced by 20 dated restock tickets derived from legacy inventory log

DONE.