
Pure ticket-based inventory math — FINAL 2026-05-21 (post-void TKT-LEGACY-NOR-*)
Formula per SKU:  restocks − deliveries + returns = qty

SKU       Name                              Restock   Delivery   Return     = QTY (new)   was      Δ
---------------------------------------------------------------------------------------------------------
INV-0001  1 1/4 EG Nails                        720       722         7          5      -30  +35
INV-0002  Bottom Caps (plastic)                 409       380        10         39       19  +20
INV-0003  RCRS Syn Felt                         970       928        10         52       -2  +54
INV-0004  Ice & Water Shield                    594       536         7         65       26  +39
INV-0005  Ridge Vent 4LF                       3668      3951       239        -44     -297  +253
INV-0006  1 1/2” Black Bullet Boot              293       231         9         71       43  +28
INV-0007  2” Black Bullet Boot                  243       256        16          3      -23  +26
INV-0008  3” Black Bullet Boot                  162       140         6         28       15  +13
INV-0009  4” Black Bullet Boot                   21         8         0         13       13  +0
INV-0010  Sealant                               744       676         0         68       26  +42
INV-0011  Zipper Boot                            60        48         0         12        5  +7
---------------------------------------------------------------------------------------------------------
TOTAL                                           7884      7876       304        312     -205  +517

========== STEP 3 — Comprehensive recheck ==========

Filtered (R#-tagged + non-voided) matches standard math: YES

Check 1 — Duplicate ticketIds:
  Duplicate ticketIds in master: 0
  Duplicate legacy-R# across multiple master tickets (multi-date): 25
    R#9802: 3 master tickets, legacy log has 3 distinct delivery dates → OK
    R#9894: 2 master tickets, legacy log has 2 distinct delivery dates → OK
    R#9675: 3 master tickets, legacy log has 3 distinct delivery dates → OK
    R#10065: 2 master tickets, legacy log has 2 distinct delivery dates → OK
    R#10101: 2 master tickets, legacy log has 2 distinct delivery dates → OK
    R#9971: 2 master tickets, legacy log has 2 distinct delivery dates → OK
    R#10076: 2 master tickets, legacy log has 2 distinct delivery dates → OK
    R#9972: 2 master tickets, legacy log has 2 distinct delivery dates → OK
    R#9850: 2 master tickets, legacy log has 2 distinct delivery dates → OK
    R#10122: 2 master tickets, legacy log has 2 distinct delivery dates → OK
    R#10190: 2 master tickets, legacy log has 2 distinct delivery dates → OK
    R#7269: 2 master tickets, legacy log has 2 distinct delivery dates → OK
    R#10229: 2 master tickets, legacy log has 2 distinct delivery dates → OK
    R#10308: 2 master tickets, legacy log has 2 distinct delivery dates → OK
    R#10405: 2 master tickets, legacy log has 2 distinct delivery dates → OK
    R#10222: 2 master tickets, legacy log has 2 distinct delivery dates → OK
    R#10143: 2 master tickets, legacy log has 2 distinct delivery dates → OK
    R#7871: 2 master tickets, legacy log has 2 distinct delivery dates → OK
    R#10592: 2 master tickets, legacy log has 2 distinct delivery dates → OK
    R#10887: 2 master tickets, legacy log has 2 distinct delivery dates → OK
    R#10932: 2 master tickets, legacy log has 2 distinct delivery dates → OK
    R#11019: 2 master tickets, legacy log has 2 distinct delivery dates → OK
    R#9965: 2 master tickets, legacy log has 2 distinct delivery dates → OK
    R#10207: 2 master tickets, legacy log has 2 distinct delivery dates → OK
    R#10630: 2 master tickets, legacy log has 2 distinct delivery dates → OK
  Legacy-vs-master date-count mismatches: 0

Check 2 — This-week deliveries UoM sanity:
  TKT-R-10997 (status=delivered, type=) — 8 items
    - INV-0001 1 1/4 EG Nails: qty=2
    - INV-0002 Bottom Caps (plastic): qty=1
    - INV-0005 Ridge Vent 4LF: qty=48
    - INV-0004 Ice & Water Shield: qty=1
    - INV-0003 RCRS Syn Felt: qty=2
    - INV-0006 1 1/2” Black Bullet Boot: qty=2
    - INV-0010 Sealant: qty=2
    - INV-0011 Zipper Boot: qty=1
  TKT-R-10923 (status=completed, type=) — 9 items
    - INV-0001 1 1/4 EG Nails: qty=2
    - INV-0002 Bottom Caps (plastic): qty=1
    - INV-0005 Ridge Vent 4LF: qty=88
    - INV-0004 Ice & Water Shield: qty=2
    - INV-0003 RCRS Syn Felt: qty=3
    - INV-0006 1 1/2” Black Bullet Boot: qty=1
    - INV-0006 1 1/2” Black Bullet Boot: qty=1
    - INV-0006 1 1/2” Black Bullet Boot: qty=1
    - INV-0010 Sealant: qty=2
    !! FLAGS: HIGH-QTY 88 of INV-0005 (Ridge Vent 4LF)
  TKT-R-10993 (status=completed, type=) — 6 items
    - INV-0001 1 1/4 EG Nails: qty=3
    - INV-0002 Bottom Caps (plastic): qty=1
    - INV-0005 Ridge Vent 4LF: qty=88
    - INV-0004 Ice & Water Shield: qty=2
    - INV-0003 RCRS Syn Felt: qty=4
    - INV-0010 Sealant: qty=4
    !! FLAGS: HIGH-QTY 88 of INV-0005 (Ridge Vent 4LF)
  TKT-R-11223 (status=delivered, type=) — 10 items
    - INV-0001 1 1/4 EG Nails: qty=2
    - INV-0002 Bottom Caps (plastic): qty=1
    - INV-0005 Ridge Vent 4LF: qty=40
    - INV-0004 Ice & Water Shield: qty=2
    - INV-0003 RCRS Syn Felt: qty=3
    - INV-0006 1 1/2” Black Bullet Boot: qty=1
    - INV-0006 1 1/2” Black Bullet Boot: qty=2
    - INV-0006 1 1/2” Black Bullet Boot: qty=1
    - INV-0010 Sealant: qty=2
    - INV-0011 Zipper Boot: qty=1

Check 3 — CM/return tickets:
  Active return tickets: 50, total units: 304

Check 4 — Summary/recon tickets:
  TKT-HISTORICAL-RESTOCK-RECON-20260516: status=voided, type=restock
  Other summary-like ticketIds (non-voided): 0

Check 5 — Computed qty vs Inventory_Products.currentQty:
  productId  name                              currentQty  computed  diff   sign
  INV-0001   1 1/4 EG Nails                            0         5      5   positive
  INV-0002   Bottom Caps (plastic)                    47        39     -8   positive
  INV-0003   RCRS Syn Felt                             0        52     52   positive
  INV-0004   Ice & Water Shield                        0        65     65   positive
  INV-0005   Ridge Vent 4LF                            0       -44    -44   negative
  INV-0006   1 1/2” Black Bullet Boot                 17        71     54   positive
  INV-0007   2” Black Bullet Boot                     39         3    -36   positive
  INV-0008   3” Black Bullet Boot                     33        28     -5   positive
  INV-0009   4” Black Bullet Boot                     13        13      0   positive
  INV-0010   Sealant                                   0        68     68   positive
  INV-0011   Zipper Boot                               4        12      8   positive

Check 6 — type column casing across all tickets:
  "ticketType=delivery": 521 rows
  "ticketType=return": 50 rows
  "ticketType=restock": 21 rows
  Spot-check samples:
    restock: TKT-HISTORICAL-RESTOCK-RECON-20260516 raw="ticketType=restock"
    restock: RESTOCK-20250218-001 raw="ticketType=restock"
    restock: RESTOCK-20250224-001 raw="ticketType=restock"
    delivery: TKT-11071 raw="ticketType=delivery"
    delivery: TKT-10978 raw="ticketType=delivery"
    delivery: TKT-10982 raw="ticketType=delivery"
    return: CM-10984 raw="ticketType=return"
    return: CM-10841 raw="ticketType=return"
    return: CM-10783 raw="ticketType=return"

Check 7 — Active tickets with no type column value:
  Count: 0

Excluded from math:
  Voided tickets: 270
  Other-type tickets: 0
  Tickets with no items: 0

Wrote scripts/inventory-math-final-2026-05-21.json
