
================================================================================
R# 10311 — Stephen Cutter — jobJnid mbf5ybxu3eoo04j4fhlp5z
================================================================================
Estimates: 3

--- Estimate E-12044 (status=Draft, total=$104816.64) ---
Available estimate keys: FooterHtml, attachment_id, class_id, class_name, cost, created_by, created_by_name, customer, date_created, date_estimate, date_sign_requested, date_signed, date_status_change, date_updated, duplicate_from_id, external_id, guid, html, internal_note, is_active, is_archived, items, jnid, location, margin, merged, no_access, note, number, owners, recid, related, sales_rep, sales_rep_name, sections, signature_status, source, status, status_name, subtotal, supplier, tax, template_id, total, type
Items: 31
  - [qty=101 Sq] IKO Royal Estate ($28926.4)
  - [qty=30 Bu] IKO Ultra HP Hip and Ridge ($4488)
  - [qty=9 Bu] IKO Plus Starter Strip ($925.2)
  - [qty=10 roll] Premium Synthetic Felt ($1277.8)
  - [qty=6 Box] 1 1/4 Coil Nails ($623.16)
  - [qty=3 Bucke] Button Caps ($139.92)
  - [qty=5 Tubes] Sealant (Clear) ($74.05)
  - [qty=7 roll] IKO StormShield Ice & Water ($1089.97)
  - [qty=1000 LF] Drip Edge (Large) ($2210)
  - [qty=280 LF] Ridge Vent ($1439.2)
  - [qty=1 Sheet] OSB (7/16) R&R ($50.68)
  - [qty=61 Sq] Steep Charge 12/12 ($)
  - [qty=12 Sq] Steep Charge 8/12-9/12 ($)
  - [qty=25 Sq] 2 Story Charge ($)
  - [qty=8 Sq] Standing Seam ($3840)
  - [qty=4 Items] GARAGE ($6400)
  - [qty=200 LF] 5" Gutter Guard (Metal) ($1400)
  - [qty=370 LF] 5" Gutter Guard (Metal) ($2590)
  - [qty=370 LF] 5" Gutters ($2667.7)
  - [qty=200 Items] 5" Gutter (2 Story) ($1442)
  - [qty=48 Items] 5" Gutter Miter Inside/outside Corner ($652.8)
  - [qty=6 Items] Downspout (2 Story) ($960)
  - [qty=22 Items] 5" Downspout ($2409)
  - [qty=1 Items] Reset Gas Vent ($)
  - [qty=3 Pcs.] Bullet Boot 1.5" (Black) ($100.26)
  - [qty=3 Pcs.] Bullet Boot 2" (Black) ($108.18)
  - [qty=1 Pcs.] Bullet Boot 3" (Black) ($61.26)
  - [qty=8 Pcs.] Roof Vent 750 Slant Back ($373.04)
  - [qty=320 LF] Valley Metal ($1536)
  - [qty=300 LF] STEP FLASHING ($510)
  - [qty=1 1] Clean Up and Remove Debris ($)
Sections: 0

--- Estimate E-12026 (status=Draft, total=$136259.84) ---
Available estimate keys: FooterHtml, attachment_id, class_id, class_name, cost, created_by, created_by_name, customer, date_created, date_estimate, date_sign_requested, date_signed, date_status_change, date_updated, duplicate_from_id, external_id, guid, html, internal_note, is_active, is_archived, items, jnid, location, margin, merged, no_access, note, number, owners, recid, related, sales_rep, sales_rep_name, sections, signature_status, source, status, status_name, subtotal, supplier, tax, template_id, total, type
Items: 32
  - [qty=101 Sq] IKO Armourshake ($53328)
  - [qty=32 Bu] IKO Armour Starter ($6758.4)
  - [qty=30 Bu] IKO Ultra HP Hip and Ridge ($4488)
  - [qty=9 Bu] IKO Plus Starter Strip ($925.2)
  - [qty=10 roll] Premium Synthetic Felt ($1277.8)
  - [qty=6 Box] 1 1/4 Coil Nails ($623.16)
  - [qty=3 Bucke] Button Caps ($139.92)
  - [qty=5 Tubes] Sealant (Clear) ($74.05)
  - [qty=7 roll] IKO StormShield Ice & Water ($1089.97)
  - [qty=1000 LF] Drip Edge (Large) ($2210)
  - [qty=280 LF] Ridge Vent ($1439.2)
  - [qty=1 Sheet] OSB (7/16) R&R ($50.68)
  - [qty=61 Sq] Steep Charge 12/12 ($)
  - [qty=12 Sq] Steep Charge 8/12-9/12 ($)
  - [qty=25 Sq] 2 Story Charge ($)
  - [qty=8 Sq] Standing Seam ($3840)
  - [qty=4 Items] GARAGE ($6400)
  - [qty=200 LF] 5" Gutter Guard (Metal) ($1400)
  - [qty=370 LF] 5" Gutter Guard (Metal) ($2590)
  - [qty=370 LF] 5" Gutters ($2667.7)
  - [qty=200 Items] 5" Gutter (2 Story) ($1442)
  - [qty=48 Items] 5" Gutter Miter Inside/outside Corner ($652.8)
  - [qty=6 Items] Downspout (2 Story) ($960)
  - [qty=22 Items] 5" Downspout ($2409)
  - [qty=1 Items] Reset Gas Vent ($)
  - [qty=3 Pcs.] Bullet Boot 1.5" (Black) ($100.26)
  - [qty=3 Pcs.] Bullet Boot 2" (Black) ($108.18)
  - [qty=1 Pcs.] Bullet Boot 3" (Black) ($61.26)
  - [qty=8 Pcs.] Roof Vent 750 Slant Back ($373.04)
  - [qty=320 LF] Valley Metal ($1536)
  - [qty=300 LF] STEP FLASHING ($510)
  - [qty=1 1] Clean Up and Remove Debris ($)
Sections: 0

--- Estimate E-11961 (status=Invoiced, total=$83881.15) ---
Available estimate keys: FooterHtml, attachment_id, class_id, class_name, cost, created_by, created_by_name, customer, date_created, date_estimate, date_sign_requested, date_signed, date_status_change, date_updated, duplicate_from_id, external_id, guid, html, internal_note, is_active, is_archived, items, jnid, location, margin, merged, no_access, note, number, owners, recid, related, sales_rep, sales_rep_name, sections, signature_status, source, status, status_name, subtotal, supplier, tax, template_id, total, type
Items: 29
  - [qty=98 Sq] IKO Dynasty (Class 3) ($18659.2)
  - [qty=17 Bu] IKO Hip & Ridge ($1893.29)
  - [qty=9 Bu] IKO Plus Starter Strip ($925.2)
  - [qty=10 roll] Premium Synthetic Felt ($1277.8)
  - [qty=6 Box] 1 1/4 Coil Nails ($623.16)
  - [qty=3 Bucke] Button Caps ($139.92)
  - [qty=5 Tubes] Sealant (Clear) ($74.05)
  - [qty=7 roll] IKO StormShield Ice & Water ($1089.97)
  - [qty=1000 LF] Drip Edge (Large) ($2210)
  - [qty=280 LF] Ridge Vent ($1439.2)
  - [qty=1 Sheet] OSB (7/16) R&R ($50.68)
  - [qty=61 Sq] Steep Charge 12/12 ($)
  - [qty=12 Sq] Steep Charge 8/12-9/12 ($)
  - [qty=25 Sq] 2 Story Charge ($)
  - [qty=8 Sq] Standing Seam ($3840)
  - [qty=4 Items] GARAGE ($6400)
  - [qty=200 LF] 5" Gutter Guard (Metal) ($1400)
  - [qty=370 LF] 5" Gutter Guard (Metal) ($2590)
  - [qty=370 LF] 5" Gutters ($2667.7)
  - [qty=200 Items] 5" Gutter (2 Story) ($1442)
  - [qty=48 Items] 5" Gutter Miter Inside/outside Corner ($652.8)
  - [qty=6 Items] Downspout (2 Story) ($960)
  - [qty=22 Items] 5" Downspout ($2409)
  - [qty=1 Items] Reset Gas Vent ($)
  - [qty=3 Pcs.] Bullet Boot 1.5" (Black) ($100.26)
  - [qty=3 Pcs.] Bullet Boot 2" (Black) ($108.18)
  - [qty=1 Pcs.] Bullet Boot 3" (Black) ($61.26)
  - [qty=8 Pcs.] Roof Vent 750 Slant Back ($373.04)
  - [qty=1 1] Clean Up and Remove Debris ($)
Sections: 0

================================================================================
R# 10365 — Brandon Phillips — jobJnid mbqvktrch01fld5u6c7bc0r
================================================================================
Estimates: 1

--- Estimate E-11993 (status=Invoiced, total=$31601.46) ---
Available estimate keys: FooterHtml, attachment_id, class_id, class_name, cost, created_by, created_by_name, customer, date_created, date_estimate, date_sign_requested, date_signed, date_status_change, date_updated, duplicate_from_id, external_id, guid, html, internal_note, is_active, is_archived, items, jnid, location, margin, merged, no_access, note, number, owners, recid, related, sales_rep, sales_rep_name, sections, signature_status, source, status, status_name, subtotal, supplier, tax, template_id, total, type
Items: 27
  - [qty=86 Sq] IKO Dynasty (Class 3) ($16374.4)
  - [qty=10 Bu] IKO Hip & Ridge ($1113.7)
  - [qty=10 Bu] IKO Plus Starter Strip ($1028)
  - [qty=9 roll] Premium Synthetic Felt ($1150.02)
  - [qty=6 Box] 1 1/4 Coil Nails ($623.16)
  - [qty=3 Bucke] Button Caps ($139.92)
  - [qty=5 Tubes] Sealant (Clear) ($74.05)
  - [qty=8 roll] IKO StormShield Ice & Water ($1245.68)
  - [qty=1100 LF] Drip Edge (Large) ($2431)
  - [qty=280 LF] Ridge Vent ($1439.2)
  - [qty=1 Sheet] OSB (7/16) R&R ($50.68)
  - [qty=6 Sq] Steep Charge 7/12 pitch ($240)
  - [qty=36 Sq] 2 Story Charge ($)
  - [qty=5 Sq] 2 Ply Modified Bitumen ($1452)
  - [qty=45 Items] 5" Gutter (2 Story) ($324.45)
  - [qty=70 LF] 5" Gutters ($504.7)
  - [qty=4 Items] 5" Downspout ($182.48)
  - [qty=2 Items] Downspout (2 Story) ($185.6)
  - [qty=3 1] Reflash Chimney/Wall Brick or Vinyl Base Service Charge ($)
  - [qty=20 LF] Step Flashing 4x4 ($35.6)
  - [qty=1 Stick] Front Wall Flashing 4x4 With hem ($27.88)
  - [qty=6 1] Remove and Replace Dryer Vent ($308.04)
  - [qty=1 Pcs.] Roof Vent 750 Slant Back ($46.63)
  - [qty=1 Pcs.] Bullet Boot 4" (Black) ($68)
  - [qty=2 Pcs.] Bullet Boot 3" (Black) ($122.52)
  - [qty=1 1] 3-1 Boot Pipe Flashing Gal. ($14.56)
  - [qty=1 1] Clean Up and Remove Debris ($)
Sections: 0

================================================================================
R# 10549 — Patty Smith — jobJnid mdggzpfuxcr9jzp0h9tbgp9
================================================================================
Estimates: 2

--- Estimate E-12593 (status=Draft, total=$2880) ---
Available estimate keys: FooterHtml, attachment_id, class_id, class_name, cost, created_by, created_by_name, customer, date_created, date_estimate, date_sign_requested, date_signed, date_status_change, date_updated, duplicate_from_id, external_id, guid, html, internal_note, is_active, is_archived, items, jnid, location, margin, merged, no_access, note, number, owners, recid, related, sales_rep, sales_rep_name, sections, signature_status, source, status, status_name, subtotal, supplier, tax, template_id, total, type
Items: 1
  - [qty=320 LF] 5" Gutter Guard (Metal) ($2240)
Sections: 0

--- Estimate E-12419 (status=Invoiced, total=$24717.88) ---
Available estimate keys: FooterHtml, attachment_id, class_id, class_name, cost, created_by, created_by_name, customer, date_created, date_estimate, date_sign_requested, date_signed, date_status_change, date_updated, duplicate_from_id, external_id, guid, html, internal_note, is_active, is_archived, items, jnid, location, margin, merged, no_access, note, number, owners, recid, related, sales_rep, sales_rep_name, sections, signature_status, source, status, status_name, subtotal, supplier, tax, template_id, total, type
Items: 25
  - [qty=46 Sq] IKO Dynasty (Class 3) ($8758.4)
  - [qty=14 Bu] IKO Ultra HP Hip and Ridge ($2094.4)
  - [qty=4 Bu] IKO Plus Starter Strip ($411.2)
  - [qty=5 roll] Premium Synthetic Felt ($638.9)
  - [qty=3 Box] 1 1/4 Coil Nails ($311.58)
  - [qty=2 Bucke] Button Caps ($93.28)
  - [qty=5 Tubes] Sealant (Clear) ($74.05)
  - [qty=3 roll] IKO StormShield Ice & Water ($467.13)
  - [qty=380 LF] Drip Edge (Large) ($839.8)
  - [qty=260 LF] Ridge Vent ($1336.4)
  - [qty=1 Sheet] OSB (7/16) R&R ($50.68)
  - [qty=3 Pcs.] Bullet Boot 1.5" (Black) ($100.26)
  - [qty=2 Pcs.] Bullet Boot 2" (Black) ($72.12)
  - [qty=1 Pcs.] Bullet Boot 3" (Black) ($61.26)
  - [qty=1 Pcs.] Roof Vent 750 Slant Back ($46.63)
  - [qty=1 1] Reflash Chimney/Wall Brick or Vinyl Base Service Charge ($)
  - [qty=1 Stick] Front Wall Flashing 4x4 With hem ($27.88)
  - [qty=20 LF] Step Flashing 4x4 ($35.6)
  - [qty=3 Stick] Over Sized Counter Flashing ($96)
  - [qty=1 1] Cricket for Chimney Large ($112)
  - [qty=318 LF] 5" Gutters ($2292.78)
  - [qty=7 Items] 5" Downspout ($319.34)
  - [qty=2 1] Window Screen ($37.72)
  - [qty=1 1] Clean Up and Remove Debris ($)
  - [qty=1 Items] Supplement. ($-1562.91)
Sections: 0

================================================================================
R# 10290 — Glenn Toups — jobJnid mb9x9pgzgna61rle1spsfw2
================================================================================
Estimates: 5

--- Estimate E-12400 (status=Draft, total=$2849) ---
Available estimate keys: FooterHtml, attachment_id, class_id, class_name, cost, created_by, created_by_name, customer, date_created, date_estimate, date_sign_requested, date_signed, date_status_change, date_updated, duplicate_from_id, external_id, guid, html, internal_note, is_active, is_archived, items, jnid, location, margin, merged, no_access, note, number, owners, recid, related, sales_rep, sales_rep_name, sections, signature_status, source, status, status_name, subtotal, supplier, tax, template_id, total, type
Items: 2
  - [qty=140 LF] 6" Gutter ($2072)
  - [qty=0 Items] gutt ($)
Sections: 0

--- Estimate E-12251 (status=Invoiced, total=$5200) ---
Available estimate keys: FooterHtml, attachment_id, class_id, class_name, cost, created_by, created_by_name, customer, date_created, date_estimate, date_sign_requested, date_signed, date_status_change, date_updated, duplicate_from_id, external_id, guid, html, internal_note, is_active, is_archived, items, jnid, location, margin, merged, no_access, note, number, owners, recid, related, sales_rep, sales_rep_name, sections, signature_status, source, status, status_name, subtotal, supplier, tax, template_id, total, type
Items: 1
  - [qty=1 Items] Scope of Repair ($1500)
Sections: 0

--- Estimate E-12250 (status=Draft, total=$4224.6) ---
Available estimate keys: FooterHtml, attachment_id, class_id, class_name, cost, created_by, created_by_name, customer, date_created, date_estimate, date_sign_requested, date_signed, date_status_change, date_updated, duplicate_from_id, external_id, guid, html, internal_note, is_active, is_archived, items, jnid, location, margin, merged, no_access, note, number, owners, recid, related, sales_rep, sales_rep_name, sections, signature_status, source, status, status_name, subtotal, supplier, tax, template_id, total, type
Items: 3
  - [qty=270 LF] 5" Gutter ($2289.6)
  - [qty=5 Items] Downspout ($250)
  - [qty=21 Items] 5" Miter/Gutter Corner ($357)
Sections: 0

--- Estimate E-12249 (status=Invoiced, total=$33594.62) ---
Available estimate keys: FooterHtml, attachment_id, class_id, class_name, cost, created_by, created_by_name, customer, date_created, date_estimate, date_sign_requested, date_signed, date_status_change, date_updated, duplicate_from_id, external_id, guid, html, internal_note, is_active, is_archived, items, jnid, location, margin, merged, no_access, note, number, owners, recid, related, sales_rep, sales_rep_name, sections, signature_status, source, status, status_name, subtotal, supplier, tax, template_id, total, type
Items: 25
  - [qty=71 Sq] IKO Dynasty (Class 3) ($13518.4)
  - [qty=8 Bu] IKO Hip & Ridge ($890.96)
  - [qty=7 Bu] IKO Plus Starter Strip ($719.6)
  - [qty=7 roll] Premium Synthetic Felt ($894.46)
  - [qty=5 Box] 1 1/4 Coil Nails ($519.3)
  - [qty=2 Bucke] Button Caps ($93.28)
  - [qty=5 Tubes] Sealant (Clear) ($74.05)
  - [qty=4 roll] IKO StormShield Ice & Water ($622.84)
  - [qty=800 LF] Drip Edge (Large) ($1768)
  - [qty=220 LF] Ridge Vent ($1130.8)
  - [qty=1 Sheet] OSB (7/16) R&R ($50.68)
  - [qty=70 Sq] Steep Charge 10/12 11/12 ($)
  - [qty=3 Pcs.] Bullet Boot 1.5" (Black) ($100.26)
  - [qty=5 Pcs.] Bullet Boot 2" (Black) ($180.3)
  - [qty=1 Pcs.] Bullet Boot 3" (Black) ($61.26)
  - [qty=1 Pcs.] Roof Vent 750 Slant Back ($46.63)
  - [qty=1 1] Reflash Chimney/Wall Brick or Vinyl Base Service Charge ($)
  - [qty=1 Items] Reset Gas Vent ($)
  - [qty=2 Stick] Over Sized Counter Flashing ($64)
  - [qty=15 LF] Step Flashing 4x4 ($26.7)
  - [qty=1 Stick] Front Wall Flashing 4x4 With hem ($27.88)
  - [qty=109 LF] 5" Gutters ($785.89)
  - [qty=6 Items] 5" Downspout ($273.72)
  - [qty=3 1] Window Screen ($56.58)
  - [qty=1 1] Clean Up and Remove Debris ($)
Sections: 0

--- Estimate E-11930 (status=Draft, total=$31482.33) ---
Available estimate keys: FooterHtml, attachment_id, class_id, class_name, cost, created_by, created_by_name, customer, date_created, date_estimate, date_sign_requested, date_signed, date_status_change, date_updated, duplicate_from_id, external_id, guid, html, internal_note, is_active, is_archived, items, jnid, location, margin, merged, no_access, note, number, owners, recid, related, sales_rep, sales_rep_name, sections, signature_status, source, status, status_name, subtotal, supplier, tax, template_id, total, type
Items: 23
  - [qty=69 Sq] IKO Dynasty (Class 3) ($13137.6)
  - [qty=8 Bu] IKO Hip & Ridge ($890.96)
  - [qty=7 Bu] IKO Plus Starter Strip ($719.6)
  - [qty=7 roll] Premium Synthetic Felt ($894.46)
  - [qty=5 Box] 1 1/4 Coil Nails ($519.3)
  - [qty=2 Bucke] Button Caps ($93.28)
  - [qty=5 Tubes] Sealant (Clear) ($74.05)
  - [qty=4 roll] IKO StormShield Ice & Water ($622.84)
  - [qty=750 LF] Drip Edge (Large) ($1657.5)
  - [qty=220 LF] Ridge Vent ($1130.8)
  - [qty=1 Sheet] OSB (7/16) R&R ($50.68)
  - [qty=50 Sq] Steep Charge 10/12 11/12 ($)
  - [qty=12 Sq] Steep Charge 12/12 ($)
  - [qty=1 1] Reflash Chimney/Wall Brick or Vinyl Base Service Charge ($)
  - [qty=1 Stick] Front Wall Flashing 4x4 With hem ($27.88)
  - [qty=20 LF] Step Flashing 4x4 ($35.6)
  - [qty=2 Stick] Over Sized Counter Flashing ($64)
  - [qty=3 Pcs.] Bullet Boot 1.5" (Black) ($100.26)
  - [qty=5 Pcs.] Bullet Boot 2" (Black) ($180.3)
  - [qty=1 Pcs.] Bullet Boot 3" (Black) ($61.26)
  - [qty=2 Items] Reset Gas Vent ($)
  - [qty=2 Pcs.] Roof Vent 750 Slant Back ($93.26)
  - [qty=1 1] Clean Up and Remove Debris ($)
Sections: 0