
================================================================================
R# 10311 — Stephen Cutter
================================================================================
--- Last estimate (by jnid) ---
Error: http_404
--- All estimates for contact ---
Estimates count: 0
--- Files on the job ---
Total files: 0
Interesting files (material/measurement): 0
Total PDFs: 0
--- Files on the contact ---
Contact files: 0
Interesting contact files: 0

================================================================================
R# 10365 — Brandon Phillips
================================================================================
--- Last estimate (by jnid) ---
Error: http_404
--- All estimates for contact ---
Estimates count: 0
--- Files on the job ---
Total files: 0
Interesting files (material/measurement): 0
Total PDFs: 0
--- Files on the contact ---
Contact files: 0
Interesting contact files: 0

================================================================================
R# 10549 — Patty Smith
================================================================================
--- Last estimate (by jnid) ---
Error: http_404
--- All estimates for contact ---
Estimates count: 0
--- Files on the job ---
Total files: 0
Interesting files (material/measurement): 0
Total PDFs: 0
--- Files on the contact ---
Contact files: 0
Interesting contact files: 0

================================================================================
R# 10290 — Glenn Toups
================================================================================
--- Last estimate (by jnid) ---
Error: http_404
--- All estimates for contact ---
Estimates count: 0
--- Files on the job ---
Total files: 0
Interesting files (material/measurement): 0
Total PDFs: 0
--- Files on the contact ---
Contact files: 0
Interesting contact files: 0