=== PHASE 0: load master sheet + Inventory_Products + Tickets ===
Master doc: "sheets access"
Tickets headers: ["ticketId","ticketType","status","referenceNumber","createdAt","completedAt","createdBy","createdByName","assignedTo","assignedToName","jobId","jobName","jobAddress","city","state","customerName","customerPhone","customerEmail","materialsJson","totalCost","totalPrice","notes","sourceTransactionId","orderSource","supplierName"]
Inventory_Products rows: 11, with legacyId: 11
Detected ticket columns: {"ticketId":"ticketId","type":"ticketType","status":"status","createdAt":"createdAt","completedAt":"completedAt","customer":"customerName","address":"jobAddress","rNumber":"referenceNumber","materials":"materialsJson","createdBy":"createdBy","createdByName":"createdByName","notes":"notes","invoiceId":null}
Tickets row count: 592

=== PHASE A-PRE: heal accidentally-voided TKT-LEGACY-* tickets ===
Heal pass: 6 TKT-LEGACY-* tickets restored from voided to completed.

=== PHASE A: void bulk-backfilled delivery tickets ===
Rules: type=delivery (case-insensitive) AND status!=voided AND
       (createdBy ~= /historical[-_]?backfill/i OR createdAt < 2026-05-13T00:00:00Z)
       AND ticketId NOT IN [TKT-R-10997, TKT-R-10923, TKT-R-11223]

Phase A results:
  Voided: 0
  Already voided (skipped): 256
  In keep-list (skipped): 3
  Not delivery (skipped): 71
  Delivery but too new / not backfill (skipped): 1
  Anomalies: 0

=== PHASE B: re-import deliveries from legacy inventory log ===
Legacy doc: "new inventory"
Legacy Inventory headers: ["Inventory ID","Item ID","DateTime","Amount","R#","Price","Cost","Delivery Photo"]
Legacy Inventory rows: 1868
Legacy delivery rows: 1694
Distinct (R#, date) delivery groups: 261

Phase B results:
  Distinct (R#, date) groups: 261
  Created: 0
  Skipped (already existed by ticketId): 261
  Skipped (no mappable items): 0
  Unmappable legacy item IDs: 0

=== PHASE C: re-run pure ticket math ===
Re-read Tickets row count: 592

Pure ticket math AFTER re-audit (master Tickets only, voided excluded):
Formula: restocks - deliveries + returns = qty

SKU       Name                              Restock      Delivery     Return       = QTY (new)    QTY (was)
-------------------------------------------------------------------------------------------------------------
INV-0001  1 1/4 EG Nails                          720          757            7          -30        -13
INV-0002  Bottom Caps (plastic)                   409          400           10           19         -2
INV-0003  RCRS Syn Felt                           970          982           10           -2       -144
INV-0004  Ice & Water Shield                      594          575            7           26        -44
INV-0005  Ridge Vent 4LF                         3668         4204          239         -297      -1912
INV-0006  1 1/2” Black Bullet Boot                293          259            9           43          6
INV-0007  2” Black Bullet Boot                    243          282           16          -23        -38
INV-0008  3” Black Bullet Boot                    162          153            6           15          3
INV-0009  4” Black Bullet Boot                     21            8            0           13         13
INV-0010  Sealant                                 744          718            0           26        -80
INV-0011  Zipper Boot                              60           55            0            5          4
-------------------------------------------------------------------------------------------------------------
TOTAL                                             7884         8393          304         -205      -2207

Excluded: voided=257, otherType=0, noItems=0, unmappedSkuLines=0

=== PHASE D: spot-check (re-read 2 new + 2 voided) ===