========================================
RCRS restock-math (READ-ONLY) — 2026-05-21
========================================
Run at: 2026-05-21T21:08:30.105Z

Loading Inventory_Products...
  Inventory_Products SKUs: 11
    item-123   | INV-0001   | currentQty=    0 | 1 1/4 EG Nails
    item-124   | INV-0002   | currentQty=   47 | Bottom Caps (plastic)
    item-125   | INV-0003   | currentQty=    0 | RCRS Syn Felt
    item-126   | INV-0004   | currentQty=    0 | Ice & Water Shield
    item-127   | INV-0005   | currentQty=    0 | Ridge Vent 4LF
    item-128   | INV-0006   | currentQty=   17 | 1 1/2” Black Bullet Boot
    item-129   | INV-0007   | currentQty=   39 | 2” Black Bullet Boot
    item-130   | INV-0008   | currentQty=   33 | 3” Black Bullet Boot
    item-131   | INV-0009   | currentQty=   13 | 4” Black Bullet Boot
    item-132   | INV-0010   | currentQty=    0 | Sealant
    item-133   | INV-0011   | currentQty=    4 | Zipper Boot

Loading Tickets...
  Tickets: 311
  ticketType breakdown:
    delivery        : 260
    restock         : 1
    return          : 50

Ticket aggregation complete. Unknown-SKU lines (outside catalog): 0

Loading Invoices (CM-20260521-* sanity)...
  CM-20260521-* invoices found: 50
  Units totalled from invoice notes lineItems: 304
  Units totalled from CM ticket materialsJson: 304

Loading historical inventory snapshots...
  Inventory_Snapshot_2026-05-15_2007_historical_close: 26 rows -> 0 strict matches to our 11-SKU catalog (qtyCol=afterQty)
    NOTE: snapshot uses a DIFFERENT SKU universe. Sample unmapped: INV-0001|IKO Cambridge AR Shingles; INV-0002|IKO Dynasty Shingles; INV-0003|Owens Corning Duration Shingles
  Inventory_Snapshot_2026-05-15_2050_post_restock_recon: 26 rows -> 0 strict matches to our 11-SKU catalog (qtyCol=after)
    NOTE: snapshot uses a DIFFERENT SKU universe. Sample unmapped: INV-0001|IKO Cambridge AR Shingles; INV-0002|IKO Dynasty Shingles; INV-0003|Owens Corning Duration Shingles
  -> historical_close snapshot does NOT cover our 11-SKU catalog. Methods 2/3 will be marked n/a.

Hunting for restock date signals in source tabs...
  Email Log: 7 rows
    -> signal hits (SKU-mentioned + restock keyword): 0
  Notifications: NOT FOUND
  Material Orders Workflow: 0 rows
  Customer_Documents: 0 rows
  JN_Activities_Recent: 50000 rows
    -> signal hits (SKU-mentioned + restock keyword): 0
  Stock Adjustments: 3 rows
    -> signal hits (SKU-mentioned + restock keyword): 0
  InventoryLogs: 0 rows
  Inventory Counts: 0 rows
  Total restock signals across all tabs: 0

========================================
TRIPLE-CHECK MATH
========================================

Per-SKU totals (all-time):
  key       | name                                 | curQty | rstk | dlvy | cm  | rstk≥cutoff | dlvy≥cutoff | cm≥cutoff
  ----------|--------------------------------------|--------|------|------|-----|-------------|-------------|----------
  item-123  | 1 1/4 EG Nails                       |      0 |  690 |  740 |   7 |         690 |          57 |        0
  item-124  | Bottom Caps (plastic)                |     47 |  421 |  421 |  10 |         421 |          10 |        0
  item-125  | RCRS Syn Felt                        |      0 | 1044 | 1124 |  10 |        1044 |          90 |        0
  item-126  | Ice & Water Shield                   |      0 |  607 |  645 |   7 |         607 |          45 |        0
  item-127  | Ridge Vent 4LF                       |      0 | 4458 | 5819 | 239 |        4458 |        1600 |        0
  item-128  | 1 1/2” Black Bullet Boot             |     17 |  268 |  296 |   9 |         268 |          37 |        0
  item-129  | 2” Black Bullet Boot                 |     39 |  313 |  297 |  16 |         313 |           0 |        0
  item-130  | 3” Black Bullet Boot                 |     33 |  171 |  165 |   6 |         171 |           0 |        0
  item-131  | 4” Black Bullet Boot                 |     13 |    8 |    8 |   0 |           8 |           0 |        0
  item-132  | Sealant                              |      0 |  746 |  824 |   0 |         746 |          78 |        0
  item-133  | Zipper Boot                          |      4 |   54 |   56 |   0 |          54 |           2 |        0

Triple-check (Method 1 / Method 2 / Method 3):
  M1 = sum(rstk) - sum(dlvy) + sum(cm) - currentQty   (all-time forward from zero)
  M2 = opening - dlvy_since + rstk_since + cm_since - currentQty  (forward from historical_close)
  M3 = (currentQty + dlvy_since - rstk_since - cm_since) - opening (backward sanity; should equal -M2)

  SKU       | name                           | curQty | M1 gap | M2 gap | M3 diff | restock-need | signals
  ----------|--------------------------------|--------|--------|--------|---------|--------------|--------
  item-123  | 1 1/4 EG Nails                 |      0 |    -43 |    n/a |     n/a |           43 |       0
  item-124  | Bottom Caps (plastic)          |     47 |    -37 |    n/a |     n/a |           37 |       0
  item-125  | RCRS Syn Felt                  |      0 |    -70 |    n/a |     n/a |           70 |       0
  item-126  | Ice & Water Shield             |      0 |    -31 |    n/a |     n/a |           31 |       0
  item-127  | Ridge Vent 4LF                 |      0 |  -1122 |    n/a |     n/a |         1122 |       0
  item-128  | 1 1/2” Black Bullet Boot       |     17 |    -36 |    n/a |     n/a |           36 |       0
  item-129  | 2” Black Bullet Boot           |     39 |     -7 |    n/a |     n/a |            7 |       0
  item-130  | 3” Black Bullet Boot           |     33 |    -21 |    n/a |     n/a |           21 |       0
  item-131  | 4” Black Bullet Boot           |     13 |    -13 |    n/a |     n/a |           13 |       0
  item-132  | Sealant                        |      0 |    -78 |    n/a |     n/a |           78 |       0
  item-133  | Zipper Boot                    |      4 |     -6 |    n/a |     n/a |            6 |       0

Building proposed restock tickets...
Balanced SKUs (gap=0):      0 — (none)
Unbalanced SKUs (need restocks): 11 — item-123, item-124, item-125, item-126, item-127, item-128, item-129, item-130, item-131, item-132, item-133
Flagged SKUs (method disagreement >5u): 0 — (none)
Total proposed restock tickets: 11
Total proposed restock units:   1464

Wrote: C:\Users\Michael\river-city-roofing\scripts\restock-backfill-proposal-2026-05-21.json