========================================
RCRS verify-and-create-credit-memo-invoices — 2026-05-21
========================================
Invoices headers (20): invoiceId, ticketId, jobId, jobName, customerName, customerEmail, createdAt, dueDate, paidAt, subtotal, taxRate, taxAmount, deliveryFee, rushFee, total, status, paymentMethod, paymentReference, notes, internalNotes
Tickets headers  (25): ticketId, ticketType, status, referenceNumber, createdAt, completedAt, createdBy, createdByName, assignedTo, assignedToName, jobId, jobName, jobAddress, city, state, customerName, customerPhone, customerEmail, materialsJson, totalCost, totalPrice, notes, sourceTransactionId, orderSource, supplierName

Loading Tickets + Invoices...
  Tickets:  311
  Invoices: 262

========================================
PHASE 1 — VERIFY
========================================
Tickets by type:
  delivery       : 260
  restock        : 1
  return         : 50

Verification table:
  type      | total | w/invoice | missing
  ----------|-------|-----------|--------
  delivery  |   260 |       259 |       1
  return    |    50 |         0 |      50
  restock   |     1 | (n/a — warehouse-level, no customer invoice)

Delivery tickets missing invoice (1):
  TKT-10365        -          2025-09-16   

Return tickets missing credit-memo invoice (50):
  CM-10984         -          2026-04-01   (empty)
  CM-10841         -          2026-04-01   (empty)
  CM-10783         -          2026-02-19   (empty)
  CM-10843         -          2026-02-11   (empty)
  CM-10857         -          2026-01-22   (empty)
  CM-10793         -          2026-01-12   (empty)
  CM-10703         -          2025-11-19   (empty)
  CM-10663         -          2025-11-06   (empty)
  CM-10016         -          2025-10-29   (empty)
  CM-10553         -          2025-10-22   (empty)
  CM-10592         -          2025-10-13   (empty)
  CM-10549         -          2025-10-13   (empty)
  CM-10365         -          2025-10-13   (empty)
  CM-10130         -          2025-09-09   (empty)
  CM-10485         -          2025-09-09   (empty)
  CM-8619          -          2025-07-16   (empty)
  CM-10405         -          2025-07-07   (empty)
  CM-10393         -          2025-07-03   (empty)
  CM-10308         -          2025-07-02   (empty)
  CM-10292         -          2025-06-25   (empty)
  CM-10353         -          2025-06-25   (empty)
  CM-10186         -          2025-06-25   (empty)
  CM-10210         -          2025-06-17   (empty)
  CM-10122         -          2025-06-13   (empty)
  CM-10160         -          2025-06-10   (empty)
  CM-10029         -          2025-06-06   (empty)
  CM-9850          -          2025-06-05   (empty)
  CM-9972          -          2025-05-29   (empty)
  CM-10010         -          2025-05-28   (empty)
  CM-10027         -          2025-05-28   (empty)
  CM-10101         -          2025-05-28   (empty)
  CM-10179         -          2025-05-28   (empty)
  CM-10076         -          2025-05-28   (empty)
  CM-9675          -          2025-05-21   (empty)
  CM-9842          -          2025-05-13   (empty)
  CM-10023         -          2025-05-13   (empty)
  CM-9708          -          2025-05-13   (empty)
  CM-10042         -          2025-05-13   (empty)
  CM-9960          -          2025-05-02   (empty)
  CM-10018         -          2025-05-02   (empty)
  CM-9981          -          2025-05-01   (empty)
  CM-9898          -          2025-04-23   (empty)
  CM-9941          -          2025-04-09   (empty)
  CM-9805          -          2025-04-08   (empty)
  CM-9845          -          2025-04-01   (empty)
  CM-9834          -          2025-03-27   (empty)
  CM-9798          -          2025-03-20   (empty)
  CM-9802          -          2025-03-17   (empty)
  CM-9451          -          2025-02-26   (empty)
  CM-9700          -          2025-02-24   (empty)

========================================
PHASE 2 — CREATE MISSING CM INVOICES
========================================
  [1/50] CM-10984 → CM-20260521-0001  $91.80 (1 lines)
  [2/50] CM-10841 → CM-20260521-0002  $20.40 (1 lines)
  [3/50] CM-10783 → CM-20260521-0003  $186.92 (4 lines)
  [4/50] CM-10843 → CM-20260521-0004  $194.08 (2 lines)
  [5/50] CM-10857 → CM-20260521-0005  $114.22 (1 lines)
  [10/50] CM-10553 → CM-20260521-0010  $83.37 (2 lines)
  [20/50] CM-10292 → CM-20260521-0020  $38.29 (1 lines)
  [30/50] CM-10027 → CM-20260521-0030  $64.90 (1 lines)
  [40/50] CM-10018 → CM-20260521-0040  $151.55 (2 lines)
  retry 1/4 ticket-tag CM-9802: Request timed out: PUT https://sheets.googleapis.com/v4/spreadsheets/1uMEdtHo3xMu2gs21p7dY
  [50/50] CM-9700 → CM-20260521-0050  $81.72 (3 lines)

========================================
PHASE 3 — SUMMARY
========================================
CM invoices created: 50
Skipped:             0
Errors:              0
Needs owner attention: 0
Sum totalPrice (customer-side credit):  $5560.13
Sum totalCost  (internal cost tracking): $3720.74

Per-SKU unit rollup (units credited across all backfilled CM invoices):
  productId          | productName                       | units | lines | $ value
  -------------------|-----------------------------------|-------|-------|---------
  item-127           | Ridge Vent 4LF                    |   239 |    25 | $2437.80
  item-129           | 2" Black Bullet Boot              |    16 |    11 | $360.64
  item-124           | Buttom Caps (plastic)             |    10 |    10 | $291.50
  item-125           | RCRS Syn Felt                     |    10 |     4 | $798.60
  item-128           | 1 1/2" Black Bullet Boot          |     9 |     7 | $188.01
  item-126           | Ice & Water Shield                |     7 |     6 | $799.54
  item-123           | 1 1/4 EG Nails                    |     7 |     7 | $454.30
  item-130           | 3" Black Bullet Boot              |     6 |     6 | $229.74

Wrote: C:\Users\Michael\river-city-roofing\scripts\credit-memo-units-by-sku-2026-05-21.json

Spot-check — re-reading Invoices to confirm a created row landed:
  Found CM-20260521-0001 (sourced from ticket CM-10984):
{
  "invoiceId": "CM-20260521-0001",
  "ticketId": "CM-10984",
  "jobId": "",
  "jobName": "",
  "customerName": "",
  "customerEmail": "",
  "createdAt": "2026-04-01T13:34:37.000Z",
  "dueDate": "",
  "paidAt": "",
  "subtotal": "91.8",
  "taxRate": "0",
  "taxAmount": "0",
  "deliveryFee": "0",
  "rushFee": "0",
  "total": "91.8",
  "status": "posted-no-email",
  "paymentMethod": "",
  "paymentReference": "",
  "notes": "Credit memo invoice backfilled 2026-05-21 from historical CM ticket | type=credit_memo | totalCost=64.35 | lineItems=[{\"productId\":\"item-127\",\"productName\":\"Ridge Vent 4LF\",\"quantity\":9,\"unitCost\":7.15,\"unitPrice\":10.2,\"totalCost\":64.35,\"totalPrice\":91.8}]",
  "internalNotes": "createdBy=historical-backfill-2026-05-21; type=credit_memo; runAt=2026-05-21T20:51:40.548Z"
}

Done.
